; ModuleID = 'BasicFuncDef.bf'
source_filename = "BasicFuncDef.bf"

define i1 @hi() {
entry:
}

define void @hey(i1 %a, float %b, i32 %c) {
entry:
}

define float @foo(float %a) {
entry:
}

define i32 @bar() {
entry:
}
