; ModuleID = 'BasicFuncDefAndFuncCalls.bf'
source_filename = "BasicFuncDefAndFuncCalls.bf"

define i1 @hi() {
entry:
}

define void @hey(i1 %a, float %b, i32 %c) {
entry:
}

define float @floatOnly(float %a) {
entry:
}

define void @intOnly(i32 %a) {
entry:
}

define void @boolOnly(i1 %a) {
entry:
}

define i32 @bar() {
entry:
  %calltmp = call i1 @hi()
  %calltmp1 = call float @floatOnly(float 5.000000e+00)
  call void @intOnly(i32 5)
  call void @boolOnly(i1 true)
  call void @boolOnly(i1 false)
}
