; ModuleID = 'ManyRetStatementsWithIfWhileStatements.bf'
source_filename = "ManyRetStatementsWithIfWhileStatements.bf"

define void @foo(i32 %a) {
entry:
  %alloctmp_a = alloca i32, align 4
  store i32 %a, i32* %alloctmp_a, align 4
  %loadtmp_a = load i32, i32* %alloctmp_a, align 4
  %addtmp = add i32 %loadtmp_a, 6
  ret void

then:                                             ; No predecessors!
  ret void

else:                                             ; No predecessors!
  ret void

merge:                                            ; No predecessors!
  ret void
}

define i32 @wow(i32 %a) {
entry:
  %alloctmp_a = alloca i32, align 4
  store i32 %a, i32* %alloctmp_a, align 4
  br label %whileLoopCmp

whileLoopCmp:                                     ; preds = %entry
  %loadtmp_a = load i32, i32* %alloctmp_a, align 4
  %cmpSGTtmp = icmp sgt i32 %loadtmp_a, 1
  br i1 %cmpSGTtmp, label %whileLoopBody, label %afterWhileLoop

whileLoopBody:                                    ; preds = %whileLoopCmp
  %loadtmp_a1 = load i32, i32* %alloctmp_a, align 4
  %cmpSGTtmp2 = icmp sgt i32 %loadtmp_a1, 2
  br i1 %cmpSGTtmp2, label %then, label %else

afterWhileLoop:                                   ; preds = %whileLoopCmp
  ret i32 7

then:                                             ; preds = %whileLoopBody
  ret i32 2

else:                                             ; preds = %whileLoopBody
  ret i32 3

merge:                                            ; No predecessors!
  ret i32 6
}
