declare - a - c_var - t_int
declare - b - c_var - t_float
declare - c - c_var - t_bool
declare - d - c_var - t_string
declare - f - c_function - t_void
enterScope - Level 1
exitScope - Level 1
resolve - int - c_builtinType - t_int
resolve - float - c_builtinType - t_float
resolve - bool - c_builtinType - t_bool
resolve - string - c_builtinType - t_string
resolve - void - c_builtinType - t_void
