resolve - int - builtinType
declare - a - var
resolve - void - builtinType
declare - f - function
enterScope - Level 1
resolve - float - builtinType
declare - b - var
resolve - string - builtinType
declare - c - var
exitScope - Level 1
resolve - bool - builtinType
declare - g - function
enterScope - Level 1
resolve - int - builtinType
declare - d - var
resolve - int - builtinType
declare - e - var
enterScope - Level 2
enterScope - Level 3
exitScope - Level 3
resolve - float - builtinType
declare - e - var
resolve - int - builtinType
declare - g - var
enterScope - Level 3
resolve - int - builtinType
declare - g - var
exitScope - Level 3
exitScope - Level 2
resolve - int - builtinType
declare - g - var
exitScope - Level 1
