declare - A - c_struct - t_A
setCurrentScope - Level 1
declare - a - c_var - t_int
declare - b - c_var - t_int
resolve - void - c_builtinType - t_void
declare - f - c_function - t_void
enterScope - Level 2
exitScope - Level 2
declare - c - c_var - t_int
exitScope - Level 1
declare - B - c_struct - t_B
setCurrentScope - Level 1
declare - a - c_var - t_int
declare - d - c_var - t_int
exitScope - Level 1
declare - C - c_struct - t_C
setCurrentScope - Level 1
declare - a - c_var - t_A
declare - b - c_var - t_B
declare - c - c_var - t_int
exitScope - Level 1
resolve - int - c_builtinType - t_int
resolve - int - c_builtinType - t_int
resolve - int - c_builtinType - t_int
resolve - int - c_builtinType - t_int
resolve - int - c_builtinType - t_int
resolve - A - c_struct - t_A
resolve - B - c_struct - t_B
resolve - int - c_builtinType - t_int
