Missing 'override' specifier for method 'f'
Missing 'override' specifier for method 'f'
Missing 'override' specifier for method 'g'
Missing 'override' specifier for method 'h'
