f - t_First - t_First
f() - t_First - t_First
5 - t_int - t_float
first - t_First - t_First
first.a - t_float - t_float
5+first.a - t_float - t_float
second - t_Second - t_Second
second.one - t_First - t_First
second.one.a - t_float - t_float
