a - t_float - t_float
c - t_int - t_float
a>c - t_bool - t_bool
b - t_float - t_float
c - t_int - t_float
b>=c - t_bool - t_bool
a - t_float - t_float
b - t_float - t_float
a<b - t_bool - t_bool
c - t_int - t_float
b - t_float - t_float
c>b - t_bool - t_bool
