a - t_int - t_int
-a - t_int - t_int
b - t_bool - t_bool
!b - t_bool - t_bool
