a - t_int
b - t_bool
c - t_float
d - t_string
f - t_int
true - t_bool
false - t_bool
