Operator '=' cannot be applied to 'int' and 'float'
Operator '=' cannot be applied to 'int' and 'float'
Operator '*' cannot be applied to 'int' and 'bool'
Operator '=' cannot be applied to 'int' and 'float'
Operator '=' cannot be applied to 'A' and 'string'
Operator '||' cannot be applied to 'bool' and 'int'
Operator '=' cannot be applied to 'int' and 'float'
