1 - t_int - t_int
2 - t_int - t_float
5 - t_int - t_int
f(5) - t_int - t_int
6 - t_int - t_float
g(6) - t_float - t_float
1 - t_int - t_int
2 - t_int - t_int
3 - t_int - t_int
-3 - t_int - t_float
h(1,2,-3) - t_void - t_void
